== o pool completo tem que PASSAR ==
[OK] pool completo: Inst lista os 3 e nada a buscar => OK

== mas tem que REPROVAR quando o apt ainda buscaria algo ==
[OK] apt ainda buscaria libavahi-common3 => FALHA nomeando
[OK] Inst de pacote ausente, sem URL => FALHA
[OK] apt reclamando de fetch => FALHA

== o diagnostico precisa NOMEAR o pacote que falta ==
[OK] a saida nomeia o .deb que o apt ainda buscaria

== caso de borda ==
[OK] pool inexistente reprova
[OK] pool vazio reprova

== modo --lista: imprime as URLs e nada mais ==
[OK] --lista imprime so a URL, sem aspas e sem ruido
[OK] --lista sai vazio quando o pool esta completo

== o hook se auto-completa: baixa o que falta e tenta de novo ==
[OK] o hook usa o modo --lista para baixar o que falta
[OK] o hook baixa a URL que a guarda apontou

== o hook usa a guarda E escuta a saida dela ==
[OK] 0250-pool chama a guarda testada
[OK] o hook nao engole a falha da guarda com pipe para tee
[OK] a guarda e entregue no chroot
POOL-CHECK PASS: aceita o pool completo, reprova o incompleto e nomeia o que falta.
